// Jest Snapshot v1, https://goo.gl/fbAQLP

exports[`<HomePage /> should render and match the snapshot 1`] = `
<article>
  <div>
    <section
      class="Section-sc-1r0eqmj-0 CenteredSection-sc-1xjzcou-0 erRSoA"
    >
      <h2
        class="H2-w55j9g-0 dbQGpq"
      >
        <span>
          Start your next react project in seconds
        </span>
      </h2>
      <p>
        <span>
          A highly scalable, offline-first foundation with the best DX and a focus on performance and best practices
        </span>
      </p>
    </section>
    <section
      class="Section-sc-1r0eqmj-0 dUSeXn"
    >
      <h2
        class="H2-w55j9g-0 dbQGpq"
      >
        <span>
          Try me!
        </span>
      </h2>
      <form
        class="Form-sc-156naw1-0 MrjQC"
      >
        <label
          for="username"
        >
          <span>
            Show Github repositories by
          </span>
          <span
            class="AtPrefix-kepcpr-0 ieATPr"
          >
            <span>
              @
            </span>
          </span>
          <input
            class="Input-sc-1rdogpf-0 joNtZP"
            id="username"
            placeholder="tkfeng"
            type="text"
            value=""
          />
        </label>
      </form>
      <div
        class="Wrapper-sc-1568e7u-0 eFapRa"
      >
        <ul
          class="Ul-r1auos-0 xoUen"
        />
      </div>
    </section>
  </div>
</article>
`;
